// Jest Snapshot v1, https://goo.gl/fbAQLP

exports[`PriceChart renders a skeleton while loading and matches snapshot 1`] = `
<View
  style={
    {
      "paddingHorizontal": 16,
      "paddingTop": 10,
      "width": 750,
    }
  }
>
  <View
    onLayout={[Function]}
  >
    <View
      style={
        {
          "position": "relative",
        }
      }
    >
      <View
        style={
          [
            {
              "borderRadius": 6,
              "height": 586.96,
              "width": 718,
            },
            {
              "backgroundColor": "#E1E9EE",
              "overflow": "hidden",
            },
          ]
        }
      />
    </View>
  </View>
</View>
`;

exports[`PriceChart renders the chart when price data is provided 1`] = `
<View
  style={
    {
      "height": 576.96,
      "marginVertical": 10,
      "paddingLeft": 0,
      "paddingRight": 0,
      "paddingTop": 0,
      "width": 750,
    }
  }
>
  <View
    style={
      {
        "flex": 1,
      }
    }
  >
    <View
      style={
        {
          "flex": 1,
        }
      }
    >
      <View
        onLayout={[Function]}
        style={
          {
            "flex": 1,
          }
        }
      />
    </View>
  </View>
</View>
`;
