// Jest Snapshot v1, https://goo.gl/fbAQLP

exports[`UnstakingBanner renders the banner with a countdown message and matches snapshot 1`] = `
<View
  style={
    {
      "backgroundColor": "#4459ff1a",
      "borderColor": "#4459ff",
      "borderLeftWidth": 4,
      "borderRadius": 4,
      "flexDirection": "row",
      "padding": 12,
      "paddingLeft": 8,
    }
  }
  testID="banneralert"
  variant="Alert"
>
  <View
    style={
      {
        "marginRight": 8,
      }
    }
  >
    <SvgMock
      color="#4459ff"
      fill="currentColor"
      height={24}
      name="Info"
      style={
        {
          "height": 24,
          "width": 24,
        }
      }
      width={24}
    />
  </View>
  <View
    style={
      {
        "flex": 1,
      }
    }
  >
    <Text
      accessibilityRole="text"
      style={
        {
          "color": "#121314",
          "fontFamily": "CentraNo1-Book",
          "fontSize": 16,
          "fontWeight": "400",
          "letterSpacing": 0,
          "lineHeight": 24,
        }
      }
      testID="unstaking-banner"
    >
      Unstaking 0.5 ETH in progress. Come back in 1 day and 2 hours to claim it.
    </Text>
  </View>
</View>
`;
