// Jest Snapshot v1, https://goo.gl/fbAQLP

exports[`AnnouncementCtaFooter renders correctly when a mobileLink is provided 1`] = `
<TouchableOpacity
  accessibilityRole="button"
  accessible={true}
  activeOpacity={1}
  onPress={[Function]}
  onPressIn={[Function]}
  onPressOut={[Function]}
  style={
    {
      "alignItems": "center",
      "alignSelf": "center",
      "backgroundColor": "#ffffff",
      "borderColor": "#4459ff",
      "borderRadius": 12,
      "borderWidth": 1,
      "bottom": 10,
      "flexDirection": "row",
      "height": 40,
      "justifyContent": "center",
      "margin": 16,
      "paddingHorizontal": 16,
      "position": "absolute",
      "width": "90%",
    }
  }
>
  <Text
    accessibilityRole="text"
    style={
      {
        "color": "#4459ff",
        "fontFamily": "CentraNo1-Medium",
        "fontSize": 16,
        "fontWeight": "500",
        "letterSpacing": 0,
        "lineHeight": 24,
      }
    }
  >
    Learn more
  </Text>
</TouchableOpacity>
`;
