// Jest Snapshot v1, https://goo.gl/fbAQLP

exports[`ChartNavigationButton renders the provided label and matches snapshot 1`] = `
<TouchableOpacity
  onPress={[MockFunction]}
  style={
    {
      "alignItems": "center",
      "backgroundColor": "#ffffff",
      "borderRadius": 40,
      "justifyContent": "center",
      "paddingHorizontal": 8,
      "paddingLeft": 10,
      "paddingVertical": 2,
    }
  }
>
  <Text
    accessibilityRole="text"
    style={
      {
        "color": "#686e7d",
        "fontFamily": "CentraNo1-Book",
        "fontSize": 14,
        "fontWeight": "400",
        "letterSpacing": 3,
        "lineHeight": 22,
        "textAlign": "center",
      }
    }
  >
    1D
  </Text>
</TouchableOpacity>
`;
