// Jest Snapshot v1, https://goo.gl/fbAQLP

exports[`NftDetailsInformationRow renders the title and value and matches snapshot 1`] = `
<View
  style={
    [
      {
        "display": "flex",
        "flexDirection": "row",
        "justifyContent": "space-between",
        "marginTop": 4,
      },
    ]
  }
>
  <Text
    accessibilityRole="text"
    style={
      {
        "color": "#121314",
        "fontFamily": "CentraNo1-Book",
        "fontSize": 16,
        "fontWeight": "400",
        "letterSpacing": 0,
        "lineHeight": 24,
      }
    }
  >
    Owner
  </Text>
  <Text
    accessibilityRole="text"
    style={
      {
        "color": "#121314",
        "fontFamily": "CentraNo1-Book",
        "fontSize": 16,
        "fontWeight": "400",
        "letterSpacing": 0,
        "lineHeight": 24,
      }
    }
  >
    0xabc
  </Text>
</View>
`;
