// Jest Snapshot v1, https://goo.gl/fbAQLP

exports[`CustomNetwork renders correctly with a custom networks list 1`] = `
<TouchableOpacity
  onPress={[Function]}
  style={
    {
      "alignItems": "center",
      "flexDirection": "row",
      "justifyContent": "space-between",
      "marginVertical": 12,
    }
  }
>
  <View
    style={
      {
        "alignItems": "center",
        "flexDirection": "row",
      }
    }
  >
    <View
      style={
        {
          "borderRadius": 10,
          "height": 20,
          "marginRight": 10,
          "width": 20,
        }
      }
    >
      <View
        style={
          {
            "alignItems": "center",
            "backgroundColor": "#f3f5f9",
            "borderRadius": 12,
            "borderWidth": 1,
            "height": 24,
            "justifyContent": "center",
            "overflow": "hidden",
            "width": 24,
          }
        }
      >
        <Text
          accessibilityRole="text"
          style={
            {
              "color": "#121314",
              "fontFamily": "CentraNo1-Book",
              "fontSize": 16,
              "fontWeight": "400",
              "letterSpacing": 0,
              "lineHeight": 24,
            }
          }
        >
          E
        </Text>
      </View>
    </View>
    <Text
      style={
        [
          {
            "color": "#121314",
            "fontFamily": "CentraNo1-Book",
            "fontSize": 30,
            "fontWeight": "400",
            "marginVertical": 2,
          },
          undefined,
          undefined,
          {
            "fontFamily": "CentraNo1-Bold",
            "fontWeight": "600",
          },
          undefined,
          undefined,
          undefined,
          undefined,
          undefined,
          undefined,
          undefined,
          undefined,
          undefined,
          undefined,
          undefined,
          undefined,
          undefined,
          undefined,
          undefined,
          undefined,
          undefined,
          undefined,
          undefined,
          undefined,
          undefined,
        ]
      }
    >
      Ethereum Mainnet
    </Text>
  </View>
  <View
    style={
      {
        "alignItems": "center",
        "flexDirection": "row",
      }
    }
  >
    <Text
      style={
        [
          {
            "color": "#121314",
            "fontFamily": "CentraNo1-Book",
            "fontSize": 30,
            "fontWeight": "400",
            "marginVertical": 2,
          },
          undefined,
          undefined,
          undefined,
          undefined,
          undefined,
          undefined,
          undefined,
          undefined,
          undefined,
          undefined,
          undefined,
          undefined,
          undefined,
          undefined,
          undefined,
          undefined,
          undefined,
          undefined,
          undefined,
          {
            "color": "#4459ff",
          },
          undefined,
          undefined,
          undefined,
          undefined,
        ]
      }
    >
      Switch
    </Text>
  </View>
</TouchableOpacity>
`;
