// Jest Snapshot v1, https://goo.gl/fbAQLP

exports[`ActivationKeys renders an empty list with an add button 1`] = `
[
  <Text
    accessibilityRole="text"
    style={
      {
        "color": "#121314",
        "fontFamily": "CentraNo1-Book",
        "fontSize": 16,
        "fontWeight": "400",
        "letterSpacing": 0,
        "lineHeight": 24,
      }
    }
  >
    <Text
      accessibilityRole="text"
      style={
        {
          "color": "#121314",
          "fontFamily": "CentraNo1-Medium",
          "fontSize": 18,
          "fontWeight": "500",
          "letterSpacing": 0,
          "lineHeight": 24,
        }
      }
    >
      SDK Activation Keys
    </Text>
    <Text
      accessibilityRole="text"
      style={
        {
          "color": "#121314",
          "fontFamily": "CentraNo1-Book",
          "fontSize": 16,
          "fontWeight": "400",
          "letterSpacing": 0,
          "lineHeight": 24,
        }
      }
    >
        
    </Text>
  </Text>,
  <View
    style={
      [
        {
          "marginVertical": 8,
        },
        undefined,
        undefined,
        undefined,
      ]
    }
  >
    <Text
      accessibilityRole="text"
      style={
        {
          "color": "#686e7d",
          "fontFamily": "CentraNo1-Book",
          "fontSize": 16,
          "fontWeight": "400",
          "letterSpacing": 0,
          "lineHeight": 24,
        }
      }
    >
      Activation Keys will enable specific features or providers.
    </Text>
  </View>,
  <View
    style={
      [
        {
          "marginVertical": 8,
        },
        undefined,
        undefined,
        undefined,
      ]
    }
  >
    <TouchableOpacity
      accessibilityRole="button"
      accessible={true}
      activeOpacity={1}
      disabled={false}
      onPress={[Function]}
      onPressIn={[Function]}
      onPressOut={[Function]}
      style={
        {
          "alignItems": "center",
          "alignSelf": "stretch",
          "backgroundColor": "transparent",
          "borderColor": "#4459ff",
          "borderRadius": 12,
          "borderWidth": 1,
          "flexDirection": "row",
          "height": 48,
          "justifyContent": "center",
          "paddingHorizontal": 16,
        }
      }
    >
      <Text
        accessibilityRole="text"
        style={
          {
            "color": "#4459ff",
            "fontFamily": "CentraNo1-Medium",
            "fontSize": 16,
            "fontWeight": "500",
            "letterSpacing": 0,
            "lineHeight": 24,
          }
        }
      >
        Add Activation Key
      </Text>
    </TouchableOpacity>
  </View>,
]
`;
