// Jest Snapshot v1, https://goo.gl/fbAQLP

exports[`WalletRestored matches snapshot 1`] = `
[
  <RCTScrollView
    contentContainerStyle={
      {
        "alignItems": "center",
        "flex": 1,
        "justifyContent": "center",
      }
    }
  >
    <View>
      <Text
        style={
          {
            "fontSize": 64,
            "padding": 16,
          }
        }
      >
        🎉
      </Text>
      <Text
        accessibilityRole="text"
        style={
          {
            "color": "#121314",
            "fontFamily": "CentraNo1-Bold",
            "fontSize": 24,
            "fontWeight": "700",
            "letterSpacing": 0,
            "lineHeight": 32,
            "paddingBottom": 16,
            "textAlign": "center",
          }
        }
      >
        Your wallet is ready!
      </Text>
      <Text
        accessibilityRole="text"
        style={
          {
            "color": "#121314",
            "fontFamily": "CentraNo1-Book",
            "fontSize": 16,
            "fontWeight": "400",
            "letterSpacing": 0,
            "lineHeight": 24,
            "padding": 8,
            "textAlign": "center",
          }
        }
      >
        <Text
          accessibilityRole="text"
          style={
            {
              "color": "#121314",
              "fontFamily": "CentraNo1-Book",
              "fontSize": 16,
              "fontWeight": "400",
              "letterSpacing": 0,
              "lineHeight": 24,
            }
          }
        >
          You may need to add some of your assets, networks, and settings again manually.


        </Text>
        <Text
          accessibilityRole="text"
          style={
            {
              "color": "#121314",
              "fontFamily": "CentraNo1-Book",
              "fontSize": 16,
              "fontWeight": "400",
              "letterSpacing": 0,
              "lineHeight": 24,
              "padding": 8,
              "textAlign": "center",
            }
          }
        >
          Take a moment to
        </Text>
        <Text
          accessibilityRole="text"
          onPress={[Function]}
          style={
            {
              "color": "#4459ff",
              "fontFamily": "CentraNo1-Book",
              "fontSize": 16,
              "fontWeight": "400",
              "letterSpacing": 0,
              "lineHeight": 24,
            }
          }
        >
           back up your Secret Recovery Phrase 
        </Text>
        <Text
          accessibilityRole="text"
          style={
            {
              "color": "#121314",
              "fontFamily": "CentraNo1-Book",
              "fontSize": 16,
              "fontWeight": "400",
              "letterSpacing": 0,
              "lineHeight": 24,
            }
          }
        >
          in case you need to restore your wallet again in the future.
        </Text>
      </Text>
    </View>
  </RCTScrollView>,
  <View
    style={
      {
        "width": "100%",
      }
    }
  >
    <TouchableOpacity
      onPress={[Function]}
    >
      <Text>
        Continue to wallet
      </Text>
    </TouchableOpacity>
  </View>,
]
`;
