// Jest Snapshot v1, https://goo.gl/fbAQLP

exports[`NetworkField renders correctly when iconUrl is provided 1`] = `
<View
  style={
    {
      "flexDirection": "row",
      "gap": 16,
      "minWidth": "100%",
      "paddingVertical": 5,
    }
  }
>
  <View
    style={
      {
        "alignItems": "center",
        "alignSelf": "center",
        "backgroundColor": "#ffffff",
        "borderRadius": 8,
        "height": 32,
        "justifyContent": "center",
        "overflow": "hidden",
        "width": 32,
      }
    }
  >
    <Image
      onError={[Function]}
      resizeMode="contain"
      source={
        {
          "uri": "https://example.com/eth.png",
        }
      }
      style={
        {
          "height": 32,
          "width": 32,
        }
      }
      testID="network-avatar-image"
    />
  </View>
  <View
    style={
      {
        "flex": 1,
        "flexDirection": "column",
      }
    }
  >
    <Text
      accessibilityRole="text"
      style={
        {
          "color": "#121314",
          "fontFamily": "CentraNo1-Medium",
          "fontSize": 18,
          "fontWeight": "500",
          "letterSpacing": 0,
          "lineHeight": 24,
        }
      }
    >
      Network
    </Text>
    <Text
      accessibilityRole="text"
      style={
        {
          "color": "#686e7d",
          "fontFamily": "CentraNo1-Book",
          "fontSize": 16,
          "fontWeight": "400",
          "letterSpacing": 0,
          "lineHeight": 24,
        }
      }
    >
      Ethereum
    </Text>
  </View>
</View>
`;
