// Jest Snapshot v1, https://goo.gl/fbAQLP

exports[`RegionModal renders the country list when visible 1`] = `
<View>
  <RCTSafeAreaView
    style={
      {
        "backgroundColor": "#ffffff",
        "borderTopLeftRadius": 10,
        "borderTopRightRadius": 10,
        "flex": 0.75,
      }
    }
  >
    <View
      style={
        [
          {
            "alignItems": "center",
            "borderBottomWidth": 0.5,
            "borderColor": "#b7bbc866",
            "height": 33,
            "justifyContent": "center",
            "width": "100%",
          },
          undefined,
        ]
      }
    >
      <View
        style={
          {
            "backgroundColor": "#b7bbc8",
            "borderRadius": 4,
            "height": 5,
            "width": 48,
          }
        }
      />
    </View>
    <RCTSafeAreaView
      style={
        {
          "flex": 1,
        }
      }
    >
      <View
        style={
          [
            {
              "backgroundColor": "#ffffff",
              "flex": 1,
            },
            undefined,
          ]
        }
      >
        <View
          style={
            [
              {
                "alignItems": "center",
                "marginVertical": 16,
              },
              undefined,
            ]
          }
        >
          <View
            accessibilityState={
              {
                "busy": undefined,
                "checked": undefined,
                "disabled": undefined,
                "expanded": undefined,
                "selected": undefined,
              }
            }
            accessible={true}
            focusable={true}
            onClick={[Function]}
            onResponderGrant={[Function]}
            onResponderMove={[Function]}
            onResponderRelease={[Function]}
            onResponderTerminate={[Function]}
            onResponderTerminationRequest={[Function]}
            onStartShouldSetResponder={[Function]}
            style={
              {
                "alignItems": "center",
                "borderColor": "#b7bbc8",
                "borderRadius": 5,
                "borderWidth": 1,
                "flexDirection": "row",
                "marginHorizontal": 24,
                "marginTop": 10,
                "paddingHorizontal": 5,
                "paddingVertical": 10,
              }
            }
          >
            <Text
              allowFontScaling={false}
              selectable={false}
              style={
                [
                  {
                    "color": undefined,
                    "fontSize": 20,
                  },
                  {
                    "color": "#686e7d",
                    "marginHorizontal": 8,
                  },
                  {
                    "fontFamily": "Ionicons",
                    "fontStyle": "normal",
                    "fontWeight": "normal",
                  },
                  {},
                ]
              }
            >
              
            </Text>
            <TextInput
              onChangeText={[Function]}
              placeholder="Search by country"
              placeholderTextColor="#9ca1af"
              style={
                {
                  "color": "#121314",
                  "flex": 1,
                  "fontFamily": "CentraNo1-Book",
                  "fontWeight": "400",
                }
              }
              value=""
            />
          </View>
        </View>
        <View
          style={
            [
              {
                "flex": 1,
              },
              undefined,
            ]
          }
        >
          <View
            style={
              {
                "flex": 1,
                "marginTop": 0,
              }
            }
          >
            <RCTScrollView
              ListEmptyComponent={
                <View
                  style={
                    {
                      "marginHorizontal": 30,
                      "marginVertical": 10,
                    }
                  }
                >
                  <Text
                    variant="sBodyLGMedium"
                  >
                    No region matches
                  </Text>
                </View>
              }
              ListFooterComponent={[Function]}
              data={
                [
                  {
                    "data": [
                      {
                        "emoji": "US",
                        "id": "/regions/us",
                        "name": "United States",
                        "recommended": true,
                        "support": {
                          "buy": true,
                          "sell": true,
                        },
                        "unsupported": false,
                      },
                    ],
                    "title": "Popular Regions",
                  },
                  {
                    "data": [
                      {
                        "emoji": "XX",
                        "id": "/regions/xx",
                        "name": "Unsupported Region",
                        "recommended": false,
                        "support": {
                          "buy": false,
                          "sell": false,
                        },
                        "unsupported": true,
                      },
                    ],
                    "title": "Regions",
                  },
                ]
              }
              getItem={[Function]}
              getItemCount={[Function]}
              keyExtractor={[Function]}
              keyboardDismissMode="none"
              keyboardShouldPersistTaps="always"
              onContentSizeChange={[Function]}
              onLayout={[Function]}
              onMomentumScrollBegin={[Function]}
              onMomentumScrollEnd={[Function]}
              onScroll={[Function]}
              onScrollBeginDrag={[Function]}
              onScrollEndDrag={[Function]}
              renderItem={[Function]}
              scrollEventThrottle={0.0001}
              stickyHeaderIndices={[]}
              style={
                {
                  "paddingHorizontal": 0,
                }
              }
            >
              <View>
                <View
                  onFocusCapture={[Function]}
                  onLayout={[Function]}
                  style={null}
                >
                  <View
                    accessibilityRole="none"
                    accessible={true}
                    style={
                      {
                        "padding": 16,
                        "paddingHorizontal": 24,
                      }
                    }
                  >
                    <View
                      style={
                        {
                          "alignItems": "center",
                          "flexDirection": "row",
                        }
                      }
                    >
                      <Text
                        accessibilityRole="text"
                        style={
                          {
                            "color": "#121314",
                            "fontFamily": "CentraNo1-Medium",
                            "fontSize": 18,
                            "fontWeight": "500",
                            "letterSpacing": 0,
                            "lineHeight": 24,
                          }
                        }
                      >
                        Popular Regions
                      </Text>
                    </View>
                  </View>
                </View>
                <View
                  onFocusCapture={[Function]}
                  onLayout={[Function]}
                  style={null}
                >
                  <TouchableOpacity
                    accessibilityRole="button"
                    accessible={true}
                    disabled={false}
                    onPress={[Function]}
                    style={
                      {
                        "backgroundColor": "#ffffff",
                        "borderRadius": 4,
                        "opacity": 1,
                        "paddingHorizontal": 24,
                        "position": "relative",
                      }
                    }
                  >
                    <View
                      accessibilityRole="none"
                      accessible={true}
                      style={
                        {
                          "padding": 16,
                        }
                      }
                    >
                      <View
                        style={
                          {
                            "alignItems": "center",
                            "flexDirection": "row",
                          }
                        }
                      >
                        <View
                          style={
                            {
                              "flex": 1,
                            }
                          }
                          testID="listitemcolumn"
                        >
                          <View
                            style={
                              {
                                "alignItems": "center",
                                "flexDirection": "row",
                              }
                            }
                          >
                            <View
                              style={
                                {
                                  "paddingRight": 16,
                                }
                              }
                            >
                              <Text
                                accessibilityRole="text"
                                style={
                                  {
                                    "color": "#121314",
                                    "fontFamily": "CentraNo1-Book",
                                    "fontSize": 16,
                                    "fontWeight": "400",
                                    "letterSpacing": 0,
                                    "lineHeight": 24,
                                  }
                                }
                              >
                                US
                              </Text>
                            </View>
                            <View>
                              <Text
                                accessibilityRole="text"
                                style={
                                  {
                                    "color": "#121314",
                                    "fontFamily": "CentraNo1-Medium",
                                    "fontSize": 18,
                                    "fontWeight": "500",
                                    "letterSpacing": 0,
                                    "lineHeight": 24,
                                  }
                                }
                              >
                                United States
                              </Text>
                            </View>
                          </View>
                        </View>
                      </View>
                    </View>
                  </TouchableOpacity>
                </View>
                <View
                  onFocusCapture={[Function]}
                  onLayout={[Function]}
                  style={null}
                />
                <View
                  onFocusCapture={[Function]}
                  onLayout={[Function]}
                  style={null}
                >
                  <View
                    accessibilityRole="none"
                    accessible={true}
                    style={
                      {
                        "padding": 16,
                        "paddingHorizontal": 24,
                      }
                    }
                  >
                    <View
                      style={
                        {
                          "alignItems": "center",
                          "flexDirection": "row",
                        }
                      }
                    >
                      <Text
                        accessibilityRole="text"
                        style={
                          {
                            "color": "#121314",
                            "fontFamily": "CentraNo1-Medium",
                            "fontSize": 18,
                            "fontWeight": "500",
                            "letterSpacing": 0,
                            "lineHeight": 24,
                          }
                        }
                      >
                        Regions
                      </Text>
                    </View>
                  </View>
                </View>
                <View
                  onFocusCapture={[Function]}
                  onLayout={[Function]}
                  style={null}
                >
                  <TouchableOpacity
                    accessibilityRole="button"
                    accessible={true}
                    disabled={false}
                    onPress={[Function]}
                    style={
                      {
                        "backgroundColor": "#ffffff",
                        "borderRadius": 4,
                        "opacity": 1,
                        "paddingHorizontal": 24,
                        "position": "relative",
                      }
                    }
                  >
                    <View
                      accessibilityRole="none"
                      accessible={true}
                      style={
                        {
                          "padding": 16,
                        }
                      }
                    >
                      <View
                        style={
                          {
                            "alignItems": "center",
                            "flexDirection": "row",
                          }
                        }
                      >
                        <View
                          style={
                            {
                              "flex": 1,
                            }
                          }
                          testID="listitemcolumn"
                        >
                          <View
                            style={
                              {
                                "alignItems": "center",
                                "flexDirection": "row",
                              }
                            }
                          >
                            <View
                              style={
                                {
                                  "paddingRight": 16,
                                }
                              }
                            >
                              <Text
                                accessibilityRole="text"
                                style={
                                  {
                                    "color": "#121314",
                                    "fontFamily": "CentraNo1-Book",
                                    "fontSize": 16,
                                    "fontWeight": "400",
                                    "letterSpacing": 0,
                                    "lineHeight": 24,
                                  }
                                }
                              >
                                XX
                              </Text>
                            </View>
                            <View>
                              <Text
                                accessibilityRole="text"
                                style={
                                  {
                                    "color": "#121314",
                                    "fontFamily": "CentraNo1-Medium",
                                    "fontSize": 18,
                                    "fontWeight": "500",
                                    "letterSpacing": 0,
                                    "lineHeight": 24,
                                  }
                                }
                              >
                                Unsupported Region
                              </Text>
                            </View>
                          </View>
                        </View>
                      </View>
                    </View>
                  </TouchableOpacity>
                </View>
                <View
                  onFocusCapture={[Function]}
                  onLayout={[Function]}
                  style={null}
                />
                <View
                  onLayout={[Function]}
                >
                  <View
                    style={
                      {
                        "backgroundColor": "#b7bbc866",
                        "height": 1,
                        "width": "100%",
                      }
                    }
                  />
                </View>
              </View>
            </RCTScrollView>
          </View>
        </View>
      </View>
    </RCTSafeAreaView>
    <View />
  </RCTSafeAreaView>
</View>
`;
